2026-08-21 19:51:43,483 - INFO - Aplikasi dimulai. Database siap.
2026-08-21 19:53:45,009 - INFO - Aplikasi dimulai. Database siap.
2026-08-21 19:54:04,968 - WARNING - SESSION_COOKIE belum diatur! Harap isi di dashboard.
2026-08-21 19:54:04,969 - ERROR - Request API gagal: Cookie belum diset.
2026-08-21 19:54:31,135 - INFO - SESSION_COOKIE berhasil diperbarui via Dashboard.
2026-08-21 19:54:43,430 - INFO - SESSION_COOKIE berhasil diperbarui via Dashboard.
2026-08-21 19:54:47,374 - INFO - Menerima prompt: Halo, siapa kamu? Jawab dengan singkat dan ramah....
2026-08-21 19:54:53,277 - INFO - Selesai generate response (Non-Stream).
2026-08-21 19:59:43,964 - INFO - Aplikasi dimulai. Database siap.
2026-08-21 20:00:02,352 - INFO - Settings diperbarui via Dashboard.
2026-08-21 20:01:56,841 - INFO - Menerima prompt: Halo, siapa kamu? Jawab dengan singkat dan ramah....
2026-08-21 20:02:02,385 - INFO - Selesai generate response (Non-Stream).
2026-08-21 20:02:11,503 - INFO - Menerima prompt: halo bro...
2026-08-21 20:02:11,924 - INFO - Menerima prompt: halo bro...
2026-08-21 20:02:14,920 - INFO - Selesai generate response (Streaming).
2026-08-21 20:02:15,566 - INFO - Selesai generate response (Streaming).
2026-08-21 20:02:22,246 - INFO - Menerima prompt: buatkan saya ddl untuk aplikasi pos...
2026-08-21 20:02:31,471 - INFO - Selesai generate response (Streaming).
2026-08-21 20:05:19,994 - INFO - Aplikasi dimulai. Database siap.
2026-08-21 20:07:21,261 - INFO - Aplikasi dimulai. Database siap.
2026-08-21 20:07:28,052 - INFO - Settings diperbarui via Dashboard.
2026-08-21 20:07:41,578 - INFO - Menerima prompt: buatkan saya ddl untuk aplikasi mahasiswa...
2026-08-21 20:07:52,752 - INFO - Selesai generate response (Streaming).
2026-08-21 20:09:47,217 - INFO - Aplikasi dimulai. Database siap.
